[TEST] 
═══════════════════════════════════════════════════
[TEST] FREEDOMTOKEN CONTRACT TESTS
[TEST] ═══════════════════════════════════════════════════

[TEST] Deployer: 0x9266517705601Af7D68955cCbCe2454787d7084B
[TEST] Network: Sepolia Testnet

[TEST] TEST 1: FreedomToken Basic Info
[TEST]   Name: FreedomToken
[TEST]   Symbol: FREE
[TEST]   Total Supply: 100,000,000 FREE
[TEST]   ✅ PASS

[TEST] TEST 2: FreedomToken Balance Check
[TEST]   Treasury Balance: 100,000,000 FREE
[TEST]   ✅ PASS

[TEST] TEST 3: GasDAO Configuration
[TEST]   Proposal Count: 0
[TEST]   Proposal Threshold: 10,000 FREE
[TEST]   Quorum: 100,000 FREE
[TEST]   Governance Token: 0xB3B8f969...dF6f8509
[TEST]   ✅ PASS

[TEST] TEST 4: AITreasury State
[TEST]   FreedomToken: 0xB3B8f969...dF6f8509
[TEST]   Treasury Balance: 0 FREE
[TEST]   Emergency Paused: false
[TEST]   ✅ PASS

[TEST] TEST 5: GaslessRelayer Configuration
[TEST]   Domain Separator: 0x0fa5fb74...7b7ab19e
[TEST]   Transaction Count: 0
[TEST]   Relay Fee: 1%
[TEST]   ✅ PASS

[TEST] TEST 6: Token Integration Check
[TEST]   GasDAO ✓ connected to FreedomToken
[TEST]   AITreasury ✓ connected to FreedomToken
[TEST]   ✅ PASS

[TEST] ═══════════════════════════════════════════════════
[TEST] RESULTS: 6 passed, 0 failed
[TEST] ═══════════════════════════════════════════════════

[TEST] 🎉 All tests passed! Contracts are working correctly.

